// Jest Snapshot v1, https://goo.gl/fbAQLP

exports[`<Bg/> renders correctly 1`] = `
.emotion-0 {
  position: absolute;
  z-index: 0;
}

<div>
  <img
    hidden={true}
    onLoad={[Function]}
    src="./images/chance.svg"
  />
  <canvas
    className="emotion-0"
    height="768px"
    width="1024px"
  />
</div>
`;
